Calculator Information: 0 : Начинается ввод значения первого целого числа.
Calculator Warning: 1 : При вводе не целого числа будет вызвано исключение.
Calculator Information: 0 : Начинается ввод значения второго целого числа.
Calculator Warning: 2 : При вводе не целого числа будет вызвано исключение.
Calculator Information: 0 : Начало выполнения операции сложения.
Calculator Information: 0 : Результат сложения: 9.
Calculator Information: 0 : Начало выполнения операции вычитания.
Calculator Information: 0 : Результат вычитания: -1.
Calculator Information: 0 : Начало выполнения операции умножения.
Calculator Information: 0 : Результат умножения: 20.
Calculator Information: 0 : Начало выполнения операции деления.
Calculator Information: 0 : Результат деления: 0.
Calculator Information: 0 : Начинается ввод значения первого целого числа.
Calculator Warning: 1 : При вводе не целого числа будет вызвано исключение.
Calculator Information: 0 : Начинается ввод значения второго целого числа.
Calculator Warning: 2 : При вводе не целого числа будет вызвано исключение.
Calculator Information: 0 : Начало выполнения операции сложения.
Calculator Information: 0 : Результат сложения: 5.
Calculator Information: 0 : Начало выполнения операции вычитания.
Calculator Information: 0 : Результат вычитания: 5.
Calculator Information: 0 : Начало выполнения операции умножения.
Calculator Information: 0 : Результат умножения: 0.
Calculator Information: 0 : Начало выполнения операции деления.
Calculator Error: -3 : System.Func`1[System.Type]: System.DivideByZeroException: Attempted to divide by zero.
   at Program.<Main>$(String[] args) in C:\temp\ispp31\ИСРПО\ЛР№7\LabApplications\TraceSourceConsoleApplication\Program.cs:line 44
