Ошибка парсинга: введенный текст не является числом. System.FormatException: The input string 'ujkyuki' was not in a correct format.
   at System.Number.ThrowFormatException[TChar](ReadOnlySpan`1 value)
   at System.Int32.Parse(String s)
   at Program.<Main>$(String[] args) in C:\temp\ispp31\ИСРПО\ЛР№6\LabApplication\LabConsole\Program.cs:line 9
LabConsole.NegativeNumberException: Ошибка: Возраст не может быть меньше 0 LabConsole.NegativeNumberException: Ошибка: Возраст не может быть меньше 0
   at Program.<Main>$(String[] args) in C:\temp\ispp31\ИСРПО\ЛР№6\LabApplication\LabConsole\Program.cs:line 39
Файл не обнаружен System.IO.FileNotFoundException: Could not find file 'C:\temp\ispp31\ИСРПО\ЛР№6\Task3.txt'.
File name: 'C:\temp\ispp31\ИСРПО\ЛР№6\Task3.txt'
   at Microsoft.Win32.SafeHandles.SafeFileHandle.CreateFile(String fullPath, FileMode mode, FileAccess access, FileShare share, FileOptions options)
   at Microsoft.Win32.SafeHandles.SafeFileHandle.Open(String fullPath, FileMode mode, FileAccess access, FileShare share, FileOptions options, Int64 preallocationSize, Nullable`1 unixCreateMode)
   at System.IO.Strategies.OSFileStreamStrategy..ctor(String path, FileMode mode, FileAccess access, FileShare share, FileOptions options, Int64 preallocationSize, Nullable`1 unixCreateMode)
   at System.IO.Strategies.FileStreamHelpers.ChooseStrategyCore(String path, FileMode mode, FileAccess access, FileShare share, FileOptions options, Int64 preallocationSize, Nullable`1 unixCreateMode)
   at System.IO.StreamReader.ValidateArgsAndOpenPath(String path, Int32 bufferSize)
   at System.IO.StreamReader..ctor(String path)
   at Program.<Main>$(String[] args) in C:\temp\ispp31\ИСРПО\ЛР№6\LabApplication\LabConsole\Program.cs:line 54
Файл не обнаружен System.IO.FileNotFoundException: Could not find file 'C:\temp\ispp31\ИСРПО\ЛР№6\Task3.txt'.
File name: 'C:\temp\ispp31\ИСРПО\ЛР№6\Task3.txt'
   at Microsoft.Win32.SafeHandles.SafeFileHandle.CreateFile(String fullPath, FileMode mode, FileAccess access, FileShare share, FileOptions options)
   at Microsoft.Win32.SafeHandles.SafeFileHandle.Open(String fullPath, FileMode mode, FileAccess access, FileShare share, FileOptions options, Int64 preallocationSize, Nullable`1 unixCreateMode)
   at System.IO.Strategies.OSFileStreamStrategy..ctor(String path, FileMode mode, FileAccess access, FileShare share, FileOptions options, Int64 preallocationSize, Nullable`1 unixCreateMode)
   at System.IO.Strategies.FileStreamHelpers.ChooseStrategyCore(String path, FileMode mode, FileAccess access, FileShare share, FileOptions options, Int64 preallocationSize, Nullable`1 unixCreateMode)
   at System.IO.StreamReader.ValidateArgsAndOpenPath(String path, Int32 bufferSize)
   at System.IO.StreamReader..ctor(String path)
   at Program.<Main>$(String[] args) in C:\temp\ispp31\ИСРПО\ЛР№6\LabApplication\LabConsole\Program.cs:line 65
Файл не обнаружен System.IO.FileNotFoundException: Could not find file 'C:\temp\ispp31\ИСРПО\ЛР№6\Task3.txt'.
File name: 'C:\temp\ispp31\ИСРПО\ЛР№6\Task3.txt'
   at Microsoft.Win32.SafeHandles.SafeFileHandle.CreateFile(String fullPath, FileMode mode, FileAccess access, FileShare share, FileOptions options)
   at Microsoft.Win32.SafeHandles.SafeFileHandle.Open(String fullPath, FileMode mode, FileAccess access, FileShare share, FileOptions options, Int64 preallocationSize, Nullable`1 unixCreateMode)
   at System.IO.Strategies.OSFileStreamStrategy..ctor(String path, FileMode mode, FileAccess access, FileShare share, FileOptions options, Int64 preallocationSize, Nullable`1 unixCreateMode)
   at System.IO.Strategies.FileStreamHelpers.ChooseStrategyCore(String path, FileMode mode, FileAccess access, FileShare share, FileOptions options, Int64 preallocationSize, Nullable`1 unixCreateMode)
   at System.IO.StreamReader.ValidateArgsAndOpenPath(String path, Int32 bufferSize)
   at System.IO.StreamReader..ctor(String path)
   at Program.<Main>$(String[] args) in C:\temp\ispp31\ИСРПО\ЛР№6\LabApplication\LabConsole\Program.cs:line 67
Файл не обнаружен System.IO.FileNotFoundException: Could not find file 'C:\temp\ispp31\ИСРПО\ЛР№6\Task3.txt'.
File name: 'C:\temp\ispp31\ИСРПО\ЛР№6\Task3.txt'
   at Microsoft.Win32.SafeHandles.SafeFileHandle.CreateFile(String fullPath, FileMode mode, FileAccess access, FileShare share, FileOptions options)
   at Microsoft.Win32.SafeHandles.SafeFileHandle.Open(String fullPath, FileMode mode, FileAccess access, FileShare share, FileOptions options, Int64 preallocationSize, Nullable`1 unixCreateMode)
   at System.IO.Strategies.OSFileStreamStrategy..ctor(String path, FileMode mode, FileAccess access, FileShare share, FileOptions options, Int64 preallocationSize, Nullable`1 unixCreateMode)
   at System.IO.Strategies.FileStreamHelpers.ChooseStrategyCore(String path, FileMode mode, FileAccess access, FileShare share, FileOptions options, Int64 preallocationSize, Nullable`1 unixCreateMode)
   at System.IO.StreamReader.ValidateArgsAndOpenPath(String path, Int32 bufferSize)
   at System.IO.StreamReader..ctor(String path)
   at Program.<Main>$(String[] args) in C:\temp\ispp31\ИСРПО\ЛР№6\LabApplication\LabConsole\Program.cs:line 67
Ошибка: Делить на 0 нельзя. System.DivideByZeroException: Попытка деления вещественного числа на ноль.
   at Program.<Main>$(String[] args) in C:\temp\ispp31\ИСРПО\ЛР№6\LabApplication\LabConsole\Program.cs:line 12
